
> tesoreria@7.9.7 build
> ng build --configuration production

[33m>[39m Building...
[32mÔêÜ[39m Building...
[35mPrerendered 0 static routes.[39m
Application bundle generation failed. [15.840 seconds] - 2026-04-11T14:46:46.713Z

node.exe : [1m[33m[33mÔû▓ [43;33m[[43;30mWARNING[43;33m][0m [1mNG8107: NG8107: The left side of this optional 
chain operation does not include 'null' or 'undefined' in its type, therefore the '?.' operator can be replaced with 
the '.' operator. Find more at https://v21.angular.dev/extended-diagnostics/NG8107[0m [1m[35m[plugin 
angular-compiler][0m
En línea: 1 Carácter: 1
+ & "C:\nvm4w\nodejs/node.exe" "C:\nvm4w\nodejs/node_modules/npm/bin/np ...
+ ~~~~~~~~~~~~~~~~~~~~~~~~~~~~~~~~~~~~~~~~~~~~~~~~~~~~~~~~~~~~~~~~~~~~~
    + CategoryInfo          : NotSpecified: ([1m[33m[33mÔ...r-compiler][0m:String) [], RemoteException
    + FullyQualifiedErrorId : NativeCommandError
 

    src/app/features/dashboard/submodule/bug-tickets/pages/tickets-list/tickets-list.component.html:264:53:
[37m      264 Ôöé                 @if (ticketSeleccionado.comentarios?.[32mlength[37m) {
          ÔòÁ                                                      [32m~~~~~~[0m

  Warning occurs in the template of component TicketsListComponent.

    src/app/features/dashboard/submodule/bug-tickets/pages/tickets-list/tickets-list.component.ts:16:15:
[37m      16 Ôöé   templateUrl: [32m'./tickets-list.component.html'[37m,
         ÔòÁ                [32m~~~~~~~~~~~~~~~~~~~~~~~~~~~~~~~[0m


[33mÔû▓ [43;33m[[43;30mWARNING[43;33m][0m [1mNG8107: NG8107: The left side of this optional chain operation does 
not include 'null' or 'undefined' in its type, therefore the '?.' operator can be replaced with the '.' operator. Find 
more at https://v21.angular.dev/extended-diagnostics/NG8107[0m [1m[35m[plugin angular-compiler][0m

    src/app/features/dashboard/submodule/bug-tickets/pages/tickets-list/tickets-list.component.html:388:47:
[37m      388 Ôöé             @if (ticketSeleccionado.historial?.[32mlength[37m) {
          ÔòÁ                                                [32m~~~~~~[0m

  Warning occurs in the template of component TicketsListComponent.

    src/app/features/dashboard/submodule/bug-tickets/pages/tickets-list/tickets-list.component.ts:16:15:
[37m      16 Ôöé   templateUrl: [32m'./tickets-list.component.html'[37m,
         ÔòÁ                [32m~~~~~~~~~~~~~~~~~~~~~~~~~~~~~~~[0m

[39m[22m
[1m[31m[31mX [41;31m[[41;97mERROR[41;31m][0m [1mTS2307: Cannot find module '../../../environments/api-url' or 
its corresponding type declarations.[0m [1m[35m[plugin angular-compiler][0m

    src/app/core/services/network-status.service.ts:5:28:
[37m      5 Ôöé import { buildApiUrl } from [32m'../../../environments/api-url'[37m;
        ÔòÁ                             [32m~~~~~~~~~~~~~~~~~~~~~~~~~~~~~~~[0m


[31mX [41;31m[[41;97mERROR[41;31m][0m [1mCould not resolve "../../../environments/api-url"[0m

    src/app/core/services/network-status.service.ts:4:28:
[37m      4 Ôöé import { buildApiUrl } from [32m'../../../environments/api-url'[37m;
        ÔòÁ                             [32m~~~~~~~~~~~~~~~~~~~~~~~~~~~~~~~[0m


[31mX [41;31m[[41;97mERROR[41;31m][0m [1mCould not resolve "../../../environments/api-url"[0m

    src/app/core/services/network-status.service.ts:4:28:
[37m      4 Ôöé import { buildApiUrl } from [32m'../../../environments/api-url'[37m;
        ÔòÁ                             [32m~~~~~~~~~~~~~~~~~~~~~~~~~~~~~~~[0m

[39m[22m
